// Jest Snapshot v1, https://goo.gl/fbAQLP

exports[`AddCArd component should matches the snapshot 1`] = `
<div
  style={
    Object {
      "alignItems": "center",
      "border": "1px dashed #9E9E9B",
      "borderRadius": 8,
      "display": "flex",
      "flexDirection": "column",
      "height": "12em",
      "justifyContent": "center",
      "maxWidth": "82vw",
      "overflow": "hidden",
      "position": "relative",
      "width": "20em",
    }
  }
>
  <button
    className="MuiButtonBase-root"
    disabled={false}
    onBlur={[Function]}
    onClick={[Function]}
    onDragLeave={[Function]}
    onFocus={[Function]}
    onKeyDown={[Function]}
    onKeyUp={[Function]}
    onMouseDown={[Function]}
    onMouseLeave={[Function]}
    onMouseUp={[Function]}
    onTouchEnd={[Function]}
    onTouchMove={[Function]}
    onTouchStart={[Function]}
    style={
      Object {
        "height": "100%",
        "width": "100%",
      }
    }
    tabIndex={0}
    type="button"
  >
    <svg
      aria-hidden="true"
      className="MuiSvgIcon-root MuiSvgIcon-fontSizeLarge"
      focusable="false"
      role="presentation"
      style={
        Object {
          "color": "#FD1708",
        }
      }
      viewBox="0 0 24 24"
    >
      <path
        d="M13 7h-2v4H7v2h4v4h2v-4h4v-2h-4V7zm-1-5C6.48 2 2 6.48 2 12s4.48 10 10 10 10-4.48 10-10S17.52 2 12 2zm0 18c-4.41 0-8-3.59-8-8s3.59-8 8-8 8 3.59 8 8-3.59 8-8 8z"
      />
    </svg>
  </button>
</div>
`;
