// Jest Snapshot v1, https://goo.gl/fbAQLP

exports[`SwitchComponent component should matches the snapshot 1`] = `
<div
  component="div"
/>
`;
